#
# There is insufficient memory for the Java Runtime Environment to continue.
# Native memory allocation (mmap) failed to map 266338304 bytes. Error detail: G1 virtual space
# Possible reasons:
#   The system is out of physical RAM or swap space
#   This process is running with CompressedOops enabled, and the Java Heap may be blocking the growth of the native heap
# Possible solutions:
#   Reduce memory load on the system
#   Increase physical memory or swap space
#   Check if swap backing store is full
#   Decrease Java heap size (-Xmx/-Xms)
#   Decrease number of Java threads
#   Decrease Java thread stack sizes (-Xss)
#   Set larger code cache with -XX:ReservedCodeCacheSize=
#   JVM is running with Zero Based Compressed Oops mode in which the Java heap is
#     placed in the first 32GB address space. The Java Heap base address is the
#     maximum limit for the native heap growth. Please use -XX:HeapBaseMinAddress
#     to set the Java Heap base and to place the Java Heap above 32GB virtual address.
# This output file may be truncated or incomplete.
#
#  Out of Memory Error (os_windows.cpp:3690), pid=16456, tid=21976
#
# JRE version:  (17.0.19+10) (build )
# Java VM: OpenJDK 64-Bit Server VM (17.0.19+10-LTS, mixed mode, sharing, tiered, compressed oops, compressed class ptrs, g1 gc, windows-amd64)
# No core dump will be written. Minidumps are not enabled by default on client versions of Windows
#

---------------  S U M M A R Y ------------

Command Line: 

Host: 12th Gen Intel(R) Core(TM) i3-12100F, 8 cores, 15G,  Windows 11 , 64 bit Build 26100 (10.0.26100.8875)
Time: Sat Aug  1 00:54:57 2026 RTZ 2 (s 11 , 64 bit Build 26100 (10.0.26100.8875) elapsed time: 0.017797 seconds (0d 0h 0m 0s)

---------------  T H R E A D  ---------------

Current thread (0x0000022ed0bf9570):  JavaThread "Unknown thread" [_thread_in_vm, id=21976, stack(0x000000d25a900000,0x000000d25aa00000)]

Stack: [0x000000d25a900000,0x000000d25aa00000]
Native frames: (J=compiled Java code, j=interpreted, Vv=VM code, C=native code)
V  [jvm.dll+0x68cc89]  (no source info available)
V  [jvm.dll+0x845d89]  (no source info available)
V  [jvm.dll+0x847af8]  (no source info available)
V  [jvm.dll+0x848183]  (no source info available)
V  [jvm.dll+0x24d0bf]  (no source info available)
V  [jvm.dll+0x68c089]  (no source info available)
V  [jvm.dll+0x68064a]  (no source info available)
V  [jvm.dll+0x3102f0]  (no source info available)
V  [jvm.dll+0x310192]  (no source info available)
V  [jvm.dll+0x317709]  (no source info available)
V  [jvm.dll+0x369b09]  (no source info available)
V  [jvm.dll+0x369d3d]  (no source info available)
V  [jvm.dll+0x2e6afa]  (no source info available)
V  [jvm.dll+0x2e7a08]  (no source info available)
V  [jvm.dll+0x818b2e]  (no source info available)
V  [jvm.dll+0x377771]  (no source info available)
V  [jvm.dll+0x7f7175]  (no source info available)
V  [jvm.dll+0x3fd5eb]  (no source info available)
V  [jvm.dll+0x3ff221]  (no source info available)
C  [jli.dll+0x52f8]  (no source info available)
C  [ucrtbase.dll+0x2cd30]  (no source info available)
C  [KERNEL32.DLL+0x2e957]  (no source info available)
C  [ntdll.dll+0xaad6c]  (no source info available)


---------------  P R O C E S S  ---------------

Threads class SMR info:
_java_thread_list=0x00007ff83aab7058, length=0, elements={
}

Java Threads: ( => current thread )

Other Threads:
  0x0000022ed0c6a020 GCTaskThread "GC Thread#0" [stack: 0x000000d25aa00000,0x000000d25ab00000] [id=19080]
  0x0000022ed0c7ac00 ConcurrentGCThread "G1 Main Marker" [stack: 0x000000d25ab00000,0x000000d25ac00000] [id=23464]
  0x0000022ed0c7b520 ConcurrentGCThread "G1 Conc#0" [stack: 0x000000d25ac00000,0x000000d25ad00000] [id=2776]

[error occurred during error reporting (printing all threads), id 0xc0000005, EXCEPTION_ACCESS_VIOLATION (0xc0000005) at pc=0x00007ff83a267637]

VM state: not at safepoint (not fully initialized)

VM Mutex/Monitor currently owned by a thread:  ([mutex/lock_event])
[0x0000022ed0bf68d0] Heap_lock - owner thread: 0x0000022ed0bf9570

Heap address: 0x0000000702800000, size: 4056 MB, Compressed Oops mode: Zero based, Oop shift amount: 3

CDS archive(s) mapped at: [0x0000000000000000-0x0000000000000000-0x0000000000000000), size 0, SharedBaseAddress: 0x0000000800000000, ArchiveRelocationMode: 1.
Narrow klass base: 0x0000000000000000, Narrow klass shift: 0, Narrow klass range: 0x0

GC Precious Log:
<Empty>

Heap:
 garbage-first heap   total 0K, used 0K [0x0000000702800000, 0x0000000800000000)
  region size 2048K, 0 young (0K), 0 survivors (0K)

[error occurred during error reporting (printing heap information), id 0xc0000005, EXCEPTION_ACCESS_VIOLATION (0xc0000005) at pc=0x00007ff83a658d39]

GC Heap History (0 events):
No events

Dll operation events (1 events):
Event: 0.011 Loaded shared library C:\Program Files\Microsoft\jdk-17.0.19.10-hotspot\bin\java.dll

Deoptimization events (0 events):
No events

Classes loaded (0 events):
No events

Classes unloaded (0 events):
No events

Classes redefined (0 events):
No events

Internal exceptions (0 events):
No events

VM Operations (0 events):
No events

Memory protections (0 events):
No events

Nmethod flushes (0 events):
No events

Events (0 events):
No events


Dynamic libraries:
0x00007ff654ae0000 - 0x00007ff654aee000 	C:\Program Files\Microsoft\jdk-17.0.19.10-hotspot\bin\java.exe
0x00007ff8f3060000 - 0x00007ff8f32c6000 	C:\WINDOWS\SYSTEM32\ntdll.dll
0x00007ff8f18a0000 - 0x00007ff8f1969000 	C:\WINDOWS\System32\KERNEL32.DLL
0x00007ff8f0580000 - 0x00007ff8f097e000 	C:\WINDOWS\System32\KERNELBASE.dll
0x00007ff8f0c30000 - 0x00007ff8f0d7c000 	C:\WINDOWS\System32\ucrtbase.dll
0x00007ff8cb480000 - 0x00007ff8cb498000 	C:\Program Files\Microsoft\jdk-17.0.19.10-hotspot\bin\jli.dll
0x00007ff8cb520000 - 0x00007ff8cb53e000 	C:\Program Files\Microsoft\jdk-17.0.19.10-hotspot\bin\VCRUNTIME140.dll
0x00007ff8f1dd0000 - 0x00007ff8f1f97000 	C:\WINDOWS\System32\USER32.dll
0x00007ff8f0550000 - 0x00007ff8f0577000 	C:\WINDOWS\System32\win32u.dll
0x00007ff8d32c0000 - 0x00007ff8d3552000 	C:\WINDOWS\WinSxS\amd64_microsoft.windows.common-controls_6595b64144ccf1df_6.0.26100.8875_none_3e0d5d42e32fe9dd\COMCTL32.dll
0x00007ff8f1760000 - 0x00007ff8f178b000 	C:\WINDOWS\System32\GDI32.dll
0x00007ff8f0a40000 - 0x00007ff8f0b6a000 	C:\WINDOWS\System32\gdi32full.dll
0x00007ff8f11b0000 - 0x00007ff8f1259000 	C:\WINDOWS\System32\msvcrt.dll
0x00007ff8f0990000 - 0x00007ff8f0a33000 	C:\WINDOWS\System32\msvcp_win.dll
0x00007ff8f1850000 - 0x00007ff8f1882000 	C:\WINDOWS\System32\IMM32.DLL
0x00007ff8ebbc0000 - 0x00007ff8ebbcc000 	C:\Program Files\Microsoft\jdk-17.0.19.10-hotspot\bin\vcruntime140_1.dll
0x00007ff8c4870000 - 0x00007ff8c48f9000 	C:\Program Files\Microsoft\jdk-17.0.19.10-hotspot\bin\msvcp140.dll
0x00007ff839f70000 - 0x00007ff83abeb000 	C:\Program Files\Microsoft\jdk-17.0.19.10-hotspot\bin\server\jvm.dll
0x00007ff8f1790000 - 0x00007ff8f1847000 	C:\WINDOWS\System32\ADVAPI32.dll
0x00007ff8f1a30000 - 0x00007ff8f1ada000 	C:\WINDOWS\System32\sechost.dll
0x00007ff8f2cd0000 - 0x00007ff8f2de8000 	C:\WINDOWS\System32\RPCRT4.dll
0x00007ff8f1080000 - 0x00007ff8f1100000 	C:\WINDOWS\System32\WS2_32.dll
0x00007ff8f00e0000 - 0x00007ff8f013e000 	C:\WINDOWS\SYSTEM32\POWRPROF.dll
0x00007ff8e34a0000 - 0x00007ff8e34d6000 	C:\WINDOWS\SYSTEM32\WINMM.dll
0x00007ff8e9600000 - 0x00007ff8e960b000 	C:\WINDOWS\SYSTEM32\VERSION.dll
0x00007ff8f00c0000 - 0x00007ff8f00d4000 	C:\WINDOWS\SYSTEM32\UMPDC.dll
0x00007ff8eeef0000 - 0x00007ff8eef0b000 	C:\WINDOWS\SYSTEM32\kernel.appcore.dll
0x00007ff8d35b0000 - 0x00007ff8d35ba000 	C:\Program Files\Microsoft\jdk-17.0.19.10-hotspot\bin\jimage.dll
0x00007ff8da850000 - 0x00007ff8daa92000 	C:\WINDOWS\SYSTEM32\DBGHELP.DLL
0x00007ff8f13d0000 - 0x00007ff8f1753000 	C:\WINDOWS\System32\combase.dll
0x00007ff8f0ea0000 - 0x00007ff8f0f79000 	C:\WINDOWS\System32\OLEAUT32.dll
0x00007ff8d2c90000 - 0x00007ff8d2ccb000 	C:\WINDOWS\SYSTEM32\dbgcore.DLL
0x00007ff8f0b70000 - 0x00007ff8f0c1c000 	C:\WINDOWS\System32\bcryptPrimitives.dll
0x00007ff8cb040000 - 0x00007ff8cb066000 	C:\Program Files\Microsoft\jdk-17.0.19.10-hotspot\bin\java.dll

dbghelp: loaded successfully - version: 4.0.5 - missing functions: none
symbol engine: initialized successfully - sym options: 0x614 - pdb path: .;C:\Program Files\Microsoft\jdk-17.0.19.10-hotspot\bin;C:\WINDOWS\SYSTEM32;C:\WINDOWS\WinSxS\amd64_microsoft.windows.common-controls_6595b64144ccf1df_6.0.26100.8875_none_3e0d5d42e32fe9dd;C:\Program Files\Microsoft\jdk-17.0.19.10-hotspot\bin\server

VM Arguments:
java_command: <unknown>
java_class_path (initial): <not set>
Launcher Type: SUN_STANDARD

[Global flags]
     intx CICompilerCount                          = 4                                         {product} {ergonomic}
     uint ConcGCThreads                            = 2                                         {product} {ergonomic}
     uint G1ConcRefinementThreads                  = 8                                         {product} {ergonomic}
   size_t G1HeapRegionSize                         = 2097152                                   {product} {ergonomic}
    uintx GCDrainStackTargetSize                   = 64                                        {product} {ergonomic}
   size_t InitialHeapSize                          = 266338304                                 {product} {ergonomic}
   size_t MarkStackSize                            = 4194304                                   {product} {ergonomic}
   size_t MaxHeapSize                              = 4253024256                                {product} {ergonomic}
   size_t MinHeapDeltaBytes                        = 2097152                                   {product} {ergonomic}
   size_t MinHeapSize                              = 8388608                                   {product} {ergonomic}
    uintx NonNMethodCodeHeapSize                   = 5839372                                {pd product} {ergonomic}
    uintx NonProfiledCodeHeapSize                  = 122909434                              {pd product} {ergonomic}
    uintx ProfiledCodeHeapSize                     = 122909434                              {pd product} {ergonomic}
    uintx ReservedCodeCacheSize                    = 251658240                              {pd product} {ergonomic}
     bool SegmentedCodeCache                       = true                                      {product} {ergonomic}
   size_t SoftMaxHeapSize                          = 4253024256                             {manageable} {ergonomic}
     bool UseCompressedClassPointers               = true                           {product lp64_product} {ergonomic}
     bool UseCompressedOops                        = true                           {product lp64_product} {ergonomic}
     bool UseG1GC                                  = true                                      {product} {ergonomic}
     bool UseLargePagesIndividualAllocation        = false                                  {pd product} {ergonomic}

Logging:
Log output configuration:
 #0: stdout all=warning uptime,level,tags
 #1: stderr all=off uptime,level,tags

Environment Variables:
JAVA_HOME=C:\Program Files\Microsoft\jdk-17.0.19.10-hotspot\
PATH=d:\cursor bratik\cursor\resources\app\node_modules\@vscode\ripgrep\bin;C:\Program Files\Microsoft\jdk-17.0.19.10-hotspot\bin;C:\ProgramData\Oracle\Java\javapath;C:\Python314\Scripts\;C:\Python314\;C:\Program Files (x86)\NVIDIA Corporation\PhysX\Common;C:\WINDOWS\system32;C:\WINDOWS;C:\WINDOWS\System32\Wbem;C:\WINDOWS\System32\WindowsPowerShell\v1.0\;C:\WINDOWS\System32\OpenSSH\;C:\Users\fanis\OneDrive\Desktop\т банк\poppler-23.11.0\Library\bin;C:\Users\fanis\OneDrive\Desktop\php;C:\ProgramData\ComposerSetup\bin;C:\Program Files\dotnet\;C:\ProgramData\chocolatey\bin;D:\Program Files\Git\cmd;D:\Program Files\;C:\Program Files\nodejs\;C:\Users\fanis\AppData\Local\Programs\Python\Python313\Scripts\;C:\Users\fanis\AppData\Local\Programs\Python\Python313\;C:\Users\fanis\AppData\Local\Programs\Python\Launcher\;C:\Users\fanis\AppData\Local\Programs\Python\Python312\Scripts\;C:\Users\fanis\AppData\Local\Programs\Python\Python312\;C:\Users\fanis\AppData\Local\Microsoft\WindowsApps;C:\Users\fanis\ffmpeg-8.0-essentials_build\bin;C:\Users\fanis\OneDrive\Desktop\php;C:\Users\fanis\AppData\Roaming\Composer\vendor\bin;C:\poppler\Library\bin;C:\Program Files (x86)\Nmap;C:\Users\fanis\AppData\Local\Microsoft\WinGet\Packages\Ngrok.Ngrok_Microsoft.Winget.Source_8wekyb3d8bbwe;C:\Users\fanis\AppData\Roaming\npm;D:\cursor bratik\cursor\resources\app\bin;C:\Users\fanis\AppData\Local\Microsoft\WinGet\Packages\PHP.PHP.8.3_Microsoft.Winget.Source_8wekyb3d8bbwe
USERNAME=fanis
TERM=dumb
OS=Windows_NT
PROCESSOR_IDENTIFIER=Intel64 Family 6 Model 151 Stepping 5, GenuineIntel
TMP=C:\Users\fanis\AppData\Local\Temp
TEMP=C:\Users\fanis\AppData\Local\Temp



Periodic native trim disabled


---------------  S Y S T E M  ---------------

OS:
 Windows 11 , 64 bit Build 26100 (10.0.26100.8875)
OS uptime: 1 days 8:44 hours
Hyper-V role detected

CPU: total 8 (initial active 8) (4 cores per cpu, 2 threads per core) family 6 model 151 stepping 5 microcode 0x2e, cx8, cmov, fxsr, ht, mmx, 3dnowpref, sse, sse2, sse3, ssse3, sse4.1, sse4.2, popcnt, lzcnt, tsc, tscinvbit, avx, avx2, aes, erms, clmul, bmi1, bmi2, adx, sha, fma, vzeroupper, clflush, clflushopt, clwb, hv
Processor Information for the first 8 processors :
  Max Mhz: 3300, Current Mhz: 3300, Mhz Limit: 3300

Memory: 4k page, system-wide physical 16221M (909M free)
TotalPageFile size 31088M (AvailPageFile size 88M)
current process WorkingSet (physical memory assigned to process): 13M, peak: 13M
current process commit charge ("private bytes"): 60M, peak: 314M

vm_info: OpenJDK 64-Bit Server VM (17.0.19+10-LTS) for windows-amd64 JRE (17.0.19+10-LTS), built on Apr 18 2026 18:24:40 by "MicrosoftCorporation" with MS VC++ 17.14 (VS2022)

END.
